src/channels/MetaBridge.ts(200,33): error TS2353: Object literal may only specify known properties, and 'id' does not exist in type 'NormalizedMessage'.
src/channels/TelegramBridge.ts(47,9): error TS2531: Object is possibly 'null'.
src/channels/TelegramBridge.ts(57,9): error TS2531: Object is possibly 'null'.
src/channels/TelegramBridge.ts(77,9): error TS2531: Object is possibly 'null'.
src/channels/TelegramBridge.ts(95,9): error TS2531: Object is possibly 'null'.
src/core/AgentLoop.ts(149,56): error TS2769: No overload matches this call.
  Overload 1 of 3, '(obj: "Lß╗ùi khi mß╗ôi Router Server:", msg?: undefined): void', gave the following error.
    Argument of type 'string' is not assignable to parameter of type 'undefined'.
  Overload 2 of 3, '(obj: "Lß╗ùi khi mß╗ôi Router Server:", msg?: undefined, ...args: unknown[]): void', gave the following error.
    Argument of type 'string' is not assignable to parameter of type 'undefined'.
src/core/AgentLoop.ts(337,77): error TS2769: No overload matches this call.
  Overload 1 of 3, '(obj: "Lß╗ùi Regex Parse Multi-Tool:", msg?: undefined): void', gave the following error.
    Argument of type 'string' is not assignable to parameter of type 'undefined'.
  Overload 2 of 3, '(obj: "Lß╗ùi Regex Parse Multi-Tool:", msg?: undefined, ...args: unknown[]): void', gave the following error.
    Argument of type 'string' is not assignable to parameter of type 'undefined'.
src/core/AgentLoop.ts(404,116): error TS2769: No overload matches this call.
  Overload 1 of 3, '(obj: string, msg?: undefined): void', gave the following error.
    Argument of type 'string' is not assignable to parameter of type 'undefined'.
  Overload 2 of 3, '(obj: string, msg?: undefined, ...args: unknown[]): void', gave the following error.
    Argument of type 'string' is not assignable to parameter of type 'undefined'.
src/core/AgentLoop.ts(528,63): error TS2769: No overload matches this call.
  Overload 1 of 3, '(obj: "Lß╗ùi kß║┐t nß╗æi Ghost Server:", msg?: undefined): void', gave the following error.
    Argument of type 'string' is not assignable to parameter of type 'undefined'.
  Overload 2 of 3, '(obj: "Lß╗ùi kß║┐t nß╗æi Ghost Server:", msg?: undefined, ...args: unknown[]): void', gave the following error.
    Argument of type 'string' is not assignable to parameter of type 'undefined'.
src/core/CoreKernel.ts(296,49): error TS2345: Argument of type 'string' is not assignable to parameter of type 'boolean'.
  Type 'string' is not assignable to type 'boolean'.
src/core/CoreKernel.ts(811,46): error TS2339: Property 'stop' does not exist on type 'AgentLoop'.
src/core/ModelOrchestrator.ts(308,17): error TS2451: Cannot redeclare block-scoped variable 'errMsg'.
src/core/ModelOrchestrator.ts(309,17): error TS2451: Cannot redeclare block-scoped variable 'errMsg'.
src/core/ModelOrchestrator.ts(309,26): error TS18046: 'e' is of type 'unknown'.
src/core/ModelOrchestrator.ts(423,17): error TS2451: Cannot redeclare block-scoped variable 'errMsg'.
src/core/ModelOrchestrator.ts(424,20): error TS2451: Cannot redeclare block-scoped variable 'errMsg'.
src/core/ModelOrchestrator.ts(424,29): error TS18046: 'e' is of type 'unknown'.
src/core/orchestrators/TaskLaneWorker.ts(22,48): error TS7006: Parameter 'e' implicitly has an 'any' type.
src/core/orchestrators/TaskLaneWorker.ts(27,19): error TS7023: 'processQueue' implicitly has return type 'any' because it does not have a return type annotation and is referenced directly or indirectly in one of its return expressions.
src/core/PromptBuilder.ts(135,34): error TS2551: Property 'getLanceMemory' does not exist on type 'MemoryManager'. Did you mean 'lanceMemory'?
src/core/PromptBuilder.ts(145,25): error TS18046: 'anchors' is of type 'unknown'.
src/core/PromptBuilder.ts(147,153): error TS18046: 'anchors' is of type 'unknown'.
src/core/PromptBuilder.ts(151,69): error TS18046: 'anchors' is of type 'unknown'.
src/core/UIController.ts(173,66): error TS2339: Property 'message' does not exist on type '{}'.
src/core/ZaloPolling.ts(82,14): error TS18046: 'e' is of type 'unknown'.
src/deployment/BlueGreenRouter.ts(172,22): error TS18046: 'gitErr' is of type 'unknown'.
src/evolution/ASTGraphBuilder.ts(1,17): error TS2724: '"@ast-grep/napi"' has no exported member named 'lang'. Did you mean 'Lang'?
src/evolution/LivaHarnessOrchestrator.ts(43,7): error TS2739: Type 'DockerEnvManager' is missing the following properties from type 'ISandboxExecutor': execute, dispose
src/evolution/LivaHarnessOrchestrator.ts(46,7): error TS2739: Type 'MicroVMDaemon' is missing the following properties from type 'ISandboxExecutor': execute, dispose
src/evolution/LivaHarnessOrchestrator.ts(152,10): error TS2339: Property 'recordEvaluation' does not exist on type 'HeraCompass'.
src/evolution/QualityChecker.ts(45,28): error TS18046: 'diffErr' is of type 'unknown'.
src/evolution/QualityChecker.ts(108,15): error TS2451: Cannot redeclare block-scoped variable 'errMsg'.
src/evolution/QualityChecker.ts(109,19): error TS2451: Cannot redeclare block-scoped variable 'errMsg'.
src/evolution/SandboxValidator.ts(23,40): error TS18046: 'error' is of type 'unknown'.
src/evolution/SandboxValidator.ts(25,58): error TS18046: 'error' is of type 'unknown'.
src/Gateway.ts(64,41): error TS2769: No overload matches this call.
  Overload 1 of 3, '(obj: "System Fatal Error:", msg?: undefined): void', gave the following error.
    Argument of type 'unknown' is not assignable to parameter of type 'undefined'.
  Overload 2 of 3, '(obj: "System Fatal Error:", msg?: undefined, ...args: unknown[]): void', gave the following error.
    Argument of type 'unknown' is not assignable to parameter of type 'undefined'.
src/memory/BiDirectionalSyncWatcher.ts(35,17): error TS18046: 'err' is of type 'unknown'.
src/memory/BiDirectionalSyncWatcher.ts(88,17): error TS18046: 'err' is of type 'unknown'.
src/memory/BookIndex.ts(25,34): error TS2353: Object literal may only specify known properties, and 'directed' does not exist in type 'GraphOptions'.
src/memory/ConsolidationCron.ts(213,23): error TS7022: 'errMsg' implicitly has type 'any' because it does not have a type annotation and is referenced directly or indirectly in its own initializer.
src/memory/ConsolidationCron.ts(213,53): error TS2448: Block-scoped variable 'errMsg' used before its declaration.
src/memory/ConsolidationCron.ts(223,15): error TS7022: 'errMsg' implicitly has type 'any' because it does not have a type annotation and is referenced directly or indirectly in its own initializer.
src/memory/ConsolidationCron.ts(223,45): error TS2448: Block-scoped variable 'errMsg' used before its declaration.
src/memory/ConsolidationCron.ts(317,15): error TS7022: 'errMsg' implicitly has type 'any' because it does not have a type annotation and is referenced directly or indirectly in its own initializer.
src/memory/ConsolidationCron.ts(317,45): error TS2448: Block-scoped variable 'errMsg' used before its declaration.
src/memory/ConsolidationCron.ts(344,15): error TS7022: 'errMsg' implicitly has type 'any' because it does not have a type annotation and is referenced directly or indirectly in its own initializer.
src/memory/ConsolidationCron.ts(344,45): error TS2448: Block-scoped variable 'errMsg' used before its declaration.
src/memory/ConsolidationCron.ts(422,19): error TS7022: 'errMsg' implicitly has type 'any' because it does not have a type annotation and is referenced directly or indirectly in its own initializer.
src/memory/ConsolidationCron.ts(422,53): error TS2448: Block-scoped variable 'errMsg' used before its declaration.
src/memory/ObsidianVaultManager.ts(50,21): error TS18046: 'err' is of type 'unknown'.
src/memory/ObsidianVaultManager.ts(86,17): error TS18046: 'err' is of type 'unknown'.
src/memory/SemanticRouter.ts(355,21): error TS2322: Type 'MemoryRoute | NonNullable<SkillKit>' is not assignable to type 'MemoryRoute'.
  Type '"OBSIDIAN_KIT"' is not assignable to type 'MemoryRoute'.
src/memory/SemanticRouter.ts(419,9): error TS2322: Type '(MemoryRoute | NonNullable<SkillKit>)[]' is not assignable to type 'MemoryRoute[]'.
  Type 'MemoryRoute | NonNullable<SkillKit>' is not assignable to type 'MemoryRoute'.
    Type '"OBSIDIAN_KIT"' is not assignable to type 'MemoryRoute'.
src/memory/StructuredMemory.ts(191,15): error TS7022: 'errMsg' implicitly has type 'any' because it does not have a type annotation and is referenced directly or indirectly in its own initializer.
src/memory/StructuredMemory.ts(191,45): error TS2448: Block-scoped variable 'errMsg' used before its declaration.
src/memory/StructuredMemory.ts(518,9): error TS2322: Type 'number | bigint' is not assignable to type 'number'.
  Type 'bigint' is not assignable to type 'number'.
src/memory/StructuredMemory.ts(539,16): error TS2352: Conversion of type 'Record<string, SQLOutputValue>[]' to type 'TurnNode[]' may be a mistake because neither type sufficiently overlaps with the other. If this was intentional, convert the expression to 'unknown' first.
  Type 'Record<string, SQLOutputValue>' is missing the following properties from type 'TurnNode': turnId, temporal_anchor, userMsg, aiReply, createdAt
src/memory/StructuredMemory.ts(546,16): error TS2352: Conversion of type 'Record<string, SQLOutputValue>[]' to type 'TurnNode[]' may be a mistake because neither type sufficiently overlaps with the other. If this was intentional, convert the expression to 'unknown' first.
  Type 'Record<string, SQLOutputValue>' is missing the following properties from type 'TurnNode': turnId, temporal_anchor, userMsg, aiReply, createdAt
src/MemoryManager.ts(174,53): error TS2345: Argument of type 'string' is not assignable to parameter of type 'EmbeddingService'.
src/MemoryManager.ts(329,93): error TS2769: No overload matches this call.
  Overload 1 of 3, '(obj: "[Memory] Embedding timeout/lß╗ùi, d├╣ng dummy vector cho semantic search:", msg?: undefined): void', gave the following error.
    Argument of type 'string' is not assignable to parameter of type 'undefined'.
  Overload 2 of 3, '(obj: "[Memory] Embedding timeout/lß╗ùi, d├╣ng dummy vector cho semantic search:", msg?: undefined, ...args: unknown[]): void', gave the following error.
    Argument of type 'string' is not assignable to parameter of type 'undefined'.
src/sandbox/E2BFirecrackerSandbox.ts(64,17): error TS2769: No overload matches this call.
  Overload 1 of 3, '(cmd: string, opts?: (CommandStartOpts & { background?: false | undefined; }) | undefined): Promise<CommandResult>', gave the following error.
    Object literal may only specify known properties, but 'timeout' does not exist in type 'CommandStartOpts & { background?: false | undefined; }'. Did you mean to write 'timeoutMs'?
  Overload 2 of 3, '(cmd: string, opts: CommandStartOpts & { background: true; }): Promise<CommandHandle>', gave the following error.
    Object literal may only specify known properties, but 'timeout' does not exist in type 'CommandStartOpts & { background: true; }'. Did you mean to write 'timeoutMs'?
  Overload 3 of 3, '(cmd: string, opts?: (CommandStartOpts & { background?: boolean | undefined; }) | undefined): Promise<CommandResult | CommandHandle>', gave the following error.
    Object literal may only specify known properties, but 'timeout' does not exist in type 'CommandStartOpts & { background?: boolean | undefined; }'. Did you mean to write 'timeoutMs'?
src/sandbox/MicroVMDaemon.ts(302,32): error TS18046: 'error' is of type 'unknown'.
src/sandbox/MicroVMDaemon.ts(302,62): error TS18046: 'error' is of type 'unknown'.
src/sandbox/MicroVMDaemon.ts(304,30): error TS18046: 'error' is of type 'unknown'.
src/sandbox/MicroVMDaemon.ts(305,30): error TS18046: 'error' is of type 'unknown'.
src/sandbox/MicroVMDaemon.ts(305,46): error TS18046: 'error' is of type 'unknown'.
src/scripts/AutoGPUSetup.ts(48,64): error TS2769: No overload matches this call.
  Overload 1 of 3, '(obj: "Kh├┤ng thß╗â l╞░u hardware_state.json:", msg?: undefined): void', gave the following error.
    Argument of type 'unknown' is not assignable to parameter of type 'undefined'.
  Overload 2 of 3, '(obj: "Kh├┤ng thß╗â l╞░u hardware_state.json:", msg?: undefined, ...args: unknown[]): void', gave the following error.
    Argument of type 'unknown' is not assignable to parameter of type 'undefined'.
src/scripts/AutoGPUSetup.ts(185,65): error TS2769: No overload matches this call.
  Overload 1 of 3, '(obj: "Γ¥î [AutoGPU] Lß╗ùi kiß╗âm tra phß║ºn cß╗⌐ng:", msg?: undefined): void', gave the following error.
    Argument of type 'string' is not assignable to parameter of type 'undefined'.
  Overload 2 of 3, '(obj: "Γ¥î [AutoGPU] Lß╗ùi kiß╗âm tra phß║ºn cß╗⌐ng:", msg?: undefined, ...args: unknown[]): void', gave the following error.
    Argument of type 'string' is not assignable to parameter of type 'undefined'.
src/services/EmailClientManager.ts(93,33): error TS2339: Property 'catch' does not exist on type 'void'.
src/services/EmailClientManager.ts(123,33): error TS18048: 'msg.source' is possibly 'undefined'.
src/services/EmailClientManager.ts(127,46): error TS2339: Property 'ingest' does not exist on type 'SensoryManager'.
src/services/TelegramManager.ts(53,15): error TS2451: Cannot redeclare block-scoped variable 'errMsg'.
src/services/TelegramManager.ts(54,19): error TS2451: Cannot redeclare block-scoped variable 'errMsg'.
src/services/TelegramManager.ts(54,28): error TS18046: 'e' is of type 'unknown'.
src/services/TelegramManager.ts(104,15): error TS2451: Cannot redeclare block-scoped variable 'errMsg'.
src/services/TelegramManager.ts(105,19): error TS2451: Cannot redeclare block-scoped variable 'errMsg'.
src/services/TelegramManager.ts(105,28): error TS18046: 'e' is of type 'unknown'.
src/services/voice/VoiceBinaryProtocol.ts(67,39): error TS2345: Argument of type 'ArrayBuffer | SharedArrayBuffer | Buffer<ArrayBufferLike>' is not assignable to parameter of type 'ArrayBufferLike & { BYTES_PER_ELEMENT?: undefined; }'.
  Type 'Buffer<ArrayBufferLike>' is not assignable to type 'ArrayBufferLike & { BYTES_PER_ELEMENT?: undefined; }'.
    Type 'Buffer<ArrayBufferLike>' is not assignable to type 'SharedArrayBuffer & { BYTES_PER_ELEMENT?: undefined; }'.
      Type 'Buffer<ArrayBufferLike>' is not assignable to type 'SharedArrayBuffer'.
        The types of 'slice(...)[Symbol.toStringTag]' are incompatible between these types.
          Type '"Uint8Array"' is not assignable to type '"SharedArrayBuffer"'.
src/services/voice/VoiceBinaryProtocol.ts(83,44): error TS2769: No overload matches this call.
  Overload 1 of 7, '(buffer: ArrayBufferLike, byteOffset?: number | undefined, length?: number | undefined): Uint8Array<ArrayBufferLike>', gave the following error.
    Argument of type 'ArrayBuffer | SharedArrayBuffer | Buffer<ArrayBufferLike>' is not assignable to parameter of type 'ArrayBufferLike'.
      Type 'Buffer<ArrayBufferLike>' is not assignable to type 'ArrayBufferLike'.
        Type 'Buffer<ArrayBufferLike>' is not assignable to type 'SharedArrayBuffer'.
          The types of 'slice(...)[Symbol.toStringTag]' are incompatible between these types.
            Type '"Uint8Array"' is not assignable to type '"SharedArrayBuffer"'.
  Overload 2 of 7, '(buffer: ArrayBuffer, byteOffset?: number | undefined, length?: number | undefined): Uint8Array<ArrayBuffer>', gave the following error.
    Argument of type 'ArrayBuffer | SharedArrayBuffer | Buffer<ArrayBufferLike>' is not assignable to parameter of type 'ArrayBuffer'.
      Type 'SharedArrayBuffer' is not assignable to type 'ArrayBuffer'.
        Types of property '[Symbol.toStringTag]' are incompatible.
          Type '"SharedArrayBuffer"' is not assignable to type '"ArrayBuffer"'.
src/SkillRegistry.ts(220,12): error TS2307: Cannot find module './skills/GeminiSurfer.js' or its corresponding type declarations.
src/skills/agentic/AIScientist.ts(207,15): error TS2451: Cannot redeclare block-scoped variable 'errMsg'.
src/skills/agentic/AIScientist.ts(208,20): error TS2451: Cannot redeclare block-scoped variable 'errMsg'.
src/skills/agentic/ResearchIdeation.ts(88,43): error TS2769: No overload matches this call.
  Overload 1 of 3, '(obj: "Ideation Lß╗ùi Parser:", msg?: undefined): void', gave the following error.
    Argument of type 'unknown' is not assignable to parameter of type 'undefined'.
  Overload 2 of 3, '(obj: "Ideation Lß╗ùi Parser:", msg?: undefined, ...args: unknown[]): void', gave the following error.
    Argument of type 'unknown' is not assignable to parameter of type 'undefined'.
src/skills/agentic/ResearchIdeation.ts(200,37): error TS2769: No overload matches this call.
  Overload 1 of 3, '(obj: "Judge lß╗ùi:", msg?: undefined): void', gave the following error.
    Argument of type 'string' is not assignable to parameter of type 'undefined'.
  Overload 2 of 3, '(obj: "Judge lß╗ùi:", msg?: undefined, ...args: unknown[]): void', gave the following error.
    Argument of type 'string' is not assignable to parameter of type 'undefined'.
src/skills/core/UpdateSessionState.ts(1,31): error TS2307: Cannot find module '../types/Contracts' or its corresponding type declarations.
src/skills/data/StructuredDataAnalyzer.ts(134,25): error TS2339: Property 'code' does not exist on type 'Error'.
src/skills/devops/ExecuteCommand.ts(102,72): error TS18046: 'error' is of type 'unknown'.
src/skills/devops/GitNexusQuery.ts(26,45): error TS2339: Property 'getInstance' does not exist on type 'typeof LanceMemoryManager'.
src/skills/devops/GitSyncProject.ts(77,11): error TS18046: 'e' is of type 'unknown'.
src/skills/devops/GitSyncProject.ts(77,23): error TS18046: 'e' is of type 'unknown'.
src/skills/devops/GitSyncProject.ts(80,71): error TS18046: 'e' is of type 'unknown'.
src/skills/devops/GitSyncProject.ts(91,139): error TS18046: 'e' is of type 'unknown'.
src/skills/devops/GitSyncProject.ts(91,152): error TS18046: 'e' is of type 'unknown'.
src/skills/docs/DocumentWriterBase.ts(34,13): error TS18046: 'err' is of type 'unknown'.
src/skills/docs/DocumentWriterBase.ts(83,60): error TS2769: No overload matches this call.
  Overload 1 of 3, '(obj: string, msg?: undefined): void', gave the following error.
    Argument of type 'string' is not assignable to parameter of type 'undefined'.
  Overload 2 of 3, '(obj: string, msg?: undefined, ...args: unknown[]): void', gave the following error.
    Argument of type 'string' is not assignable to parameter of type 'undefined'.
src/skills/docs/ReportWriter.ts(65,54): error TS2769: No overload matches this call.
  Overload 1 of 3, '(obj: "Semantic Scholar API Error:", msg?: undefined): void', gave the following error.
    Argument of type 'string' is not assignable to parameter of type 'undefined'.
  Overload 2 of 3, '(obj: "Semantic Scholar API Error:", msg?: undefined, ...args: unknown[]): void', gave the following error.
    Argument of type 'string' is not assignable to parameter of type 'undefined'.
src/skills/social/SendMessengerRPA.ts(19,20): error TS2304: Cannot find name 'BrowserContext'.
src/skills/social/SendMessengerRPA.ts(22,15): error TS2304: Cannot find name 'Page'.
src/skills/social/SendMessengerRPA.ts(33,13): error TS2304: Cannot find name 'logger'.
src/skills/social/SendMessengerRPA.ts(40,13): error TS2304: Cannot find name 'logger'.
src/skills/social/SendMessengerRPA.ts(41,39): error TS2304: Cannot find name 'getOrCreateBrowser'.
src/skills/social/SendMessengerRPA.ts(44,13): error TS2304: Cannot find name 'logger'.
src/skills/social/SendMessengerRPA.ts(48,35): error TS2304: Cannot find name 'Page'.
src/skills/social/SendMessengerRPA.ts(52,13): error TS2304: Cannot find name 'logger'.
src/skills/social/SendMessengerRPA.ts(62,13): error TS2304: Cannot find name 'logger'.
src/skills/social/SendMessengerRPA.ts(66,9): error TS2304: Cannot find name 'logger'.
src/skills/social/SendMessengerRPA.ts(71,30): error TS7006: Parameter 'sel' implicitly has an 'any' type.
src/skills/social/SendMessengerRPA.ts(79,9): error TS2304: Cannot find name 'logger'.
src/skills/social/SendMessengerRPA.ts(84,51): error TS7006: Parameter 'target' implicitly has an 'any' type.
src/skills/social/SendMessengerRPA.ts(130,9): error TS2304: Cannot find name 'logger'.
src/skills/social/SendMessengerRPA.ts(134,30): error TS7006: Parameter 'sel' implicitly has an 'any' type.
src/skills/social/SendMessengerRPA.ts(146,9): error TS2304: Cannot find name 'logger'.
src/skills/social/SendZaloBot.ts(141,58): error TS2769: No overload matches this call.
  Overload 1 of 3, '(obj: "[Skill: send_zalo_bot] Lß╗ùi ngoß║íi lß╗ç:", msg?: undefined): void', gave the following error.
    Argument of type 'string' is not assignable to parameter of type 'undefined'.
  Overload 2 of 3, '(obj: "[Skill: send_zalo_bot] Lß╗ùi ngoß║íi lß╗ç:", msg?: undefined, ...args: unknown[]): void', gave the following error.
    Argument of type 'string' is not assignable to parameter of type 'undefined'.
src/skills/web/ComputerUse.ts(56,41): error TS2304: Cannot find name 'Page'.
src/skills/web/ComputerUse.ts(95,35): error TS2304: Cannot find name 'getOrCreateBrowser'.
src/skills/web/ComputerUse.ts(96,28): error TS2304: Cannot find name 'getActivePage'.
src/skills/web/ComputerUse.ts(109,21): error TS2304: Cannot find name 'logger'.
src/skills/web/ComputerUse.ts(113,17): error TS2304: Cannot find name 'logger'.
src/skills/web/ComputerUse.ts(127,17): error TS2304: Cannot find name 'logger'.
src/skills/web/ComputerUse.ts(161,17): error TS2304: Cannot find name 'logger'.
src/skills/web/ComputerUse.ts(177,21): error TS2304: Cannot find name 'logger'.
src/skills/web/ComputerUse.ts(193,38): error TS7006: Parameter 'd' implicitly has an 'any' type.
src/skills/web/ComputerUse.ts(201,17): error TS2304: Cannot find name 'logger'.
src/skills/web/ComputerUse.ts(210,17): error TS2304: Cannot find name 'logger'.
src/skills/web/ComputerUse.ts(211,39): error TS2304: Cannot find name 'path'.
src/skills/web/ComputerUse.ts(212,23): error TS2304: Cannot find name 'fs'.
src/skills/web/ComputerUse.ts(215,34): error TS2304: Cannot find name 'path'.
src/skills/web/GeminiSurfer.ts(315,56): error TS2769: No overload matches this call.
  Overload 1 of 3, '(obj: "[GeminiSurfer] Lß╗ùi Automation:", msg?: undefined): void', gave the following error.
    Argument of type 'string' is not assignable to parameter of type 'undefined'.
  Overload 2 of 3, '(obj: "[GeminiSurfer] Lß╗ùi Automation:", msg?: undefined, ...args: unknown[]): void', gave the following error.
    Argument of type 'string' is not assignable to parameter of type 'undefined'.
src/skills/web/WebBrowser.ts(1,38): error TS2307: Cannot find module 'playwright' or its corresponding type declarations.
src/test_browser.ts(1,25): error TS2307: Cannot find module './skills/WebBrowser' or its corresponding type declarations.
src/utils/DockerSandbox.ts(5,19): error TS2304: Cannot find name 'util'.
src/utils/DockerSandbox.ts(5,34): error TS2304: Cannot find name 'exec'.
src/utils/DockerSandbox.ts(14,13): error TS2304: Cannot find name 'execFileSync'.
src/utils/DockerSandbox.ts(49,9): error TS2304: Cannot find name 'logger'.
src/utils/DockerSandbox.ts(53,13): error TS2304: Cannot find name 'logger'.
src/utils/DockerSandbox.ts(61,25): error TS2304: Cannot find name 'logger'.
src/utils/DockerSandbox.ts(70,17): error TS2304: Cannot find name 'logger'.
src/utils/DockerSandbox.ts(78,13): error TS2304: Cannot find name 'logger'.
src/utils/DockerSandbox.ts(93,9): error TS2304: Cannot find name 'logger'.
src/utils/DockerSandbox.ts(104,9): error TS2304: Cannot find name 'logger'.
src/utils/DockerSandbox.ts(120,9): error TS2304: Cannot find name 'logger'.
src/utils/DockerSandbox.ts(123,9): error TS2304: Cannot find name 'logger'.
src/utils/DockerSandbox.ts(133,15): error TS2304: Cannot find name 'execFileSync'.
src/utils/DockerSandbox.ts(137,15): error TS2304: Cannot find name 'execFileSync'.
src/utils/DockerSandbox.ts(154,27): error TS2304: Cannot find name 'spawn'.
src/utils/DockerSandbox.ts(164,23): error TS2304: Cannot find name 'exec'.
src/utils/DockerSandbox.ts(205,13): error TS2304: Cannot find name 'logger'.
src/utils/LivaEngine.ts(37,9): error TS2578: Unused '@ts-expect-error' directive.
src/utils/ShieldGuard.ts(35,66): error TS2769: No overload matches this call.
  Overload 1 of 3, '(obj: "Γ¢ö [ShieldGuard] Lß╗ùi k├¡ch hoß║ít khi├¬n:", msg?: undefined): void', gave the following error.
    Argument of type 'string' is not assignable to parameter of type 'undefined'.
  Overload 2 of 3, '(obj: "Γ¢ö [ShieldGuard] Lß╗ùi k├¡ch hoß║ít khi├¬n:", msg?: undefined, ...args: unknown[]): void', gave the following error.
    Argument of type 'string' is not assignable to parameter of type 'undefined'.
src/utils/ShieldGuard.ts(59,59): error TS2769: No overload matches this call.
  Overload 1 of 3, '(obj: "Γ¢ö [ShieldGuard] Lß╗ùi phß╗Ñc hß╗ôi:", msg?: undefined): void', gave the following error.
    Argument of type 'string' is not assignable to parameter of type 'undefined'.
  Overload 2 of 3, '(obj: "Γ¢ö [ShieldGuard] Lß╗ùi phß╗Ñc hß╗ôi:", msg?: undefined, ...args: unknown[]): void', gave the following error.
    Argument of type 'string' is not assignable to parameter of type 'undefined'.
